exports[`VideoPlayer Should render correctly 1`] = `
<VideoPlayer
  source="somePath"
/>
`;
